// Jest Snapshot v1, https://goo.gl/fbAQLP

exports[`HeaderTitle should match snapshot 1`] = `
<Text
  numberOfLines={1}
  style={
    Object {
      "fontFamily": "DMSans_500Medium",
      "fontSize": 20,
      "letterSpacing": 0,
      "lineHeight": 26,
    }
  }
>
  Test title
</Text>
`;
