// Jest Snapshot v1, https://goo.gl/fbAQLP

exports[`<DividerLine /> show match snapshot 1`] = `
<View
  style={
    Object {
      "height": 16,
      "justifyContent": "center",
      "width": "100%",
    }
  }
>
  <View
    style={
      Object {
        "alignItems": "center",
        "backgroundColor": "#9e9e9e",
        "height": 1,
        "justifyContent": "center",
      }
    }
  >
    <View
      style={
        Object {
          "alignItems": "center",
          "backgroundColor": "#fbfbfb",
          "height": 16,
          "width": 58,
        }
      }
    >
      <Text
        style={
          Object {
            "color": "#9e9e9e",
            "textTransform": "uppercase",
          }
        }
      >
        or
      </Text>
    </View>
  </View>
</View>
`;
